Following property was violated: eventually<first = {} and second = {}>