eventually(select id, age from users in {{(1, 21)}, {(1, 22)}})